// Jest Snapshot v1, https://goo.gl/fbAQLP

exports[`should render ExpenseListItem 1`] = `
<div>
  <p>
    <Link
      replace={false}
      to="/edit/1"
    >
      Gum
    </Link>
  </p>
  <p>
    195
  </p>
  <p>
    0
  </p>
</div>
`;
